Using PYTHON=/home/users/u103958/miniconda3/envs/multimodal-moe/bin/python
python /home/users/u103958/miniconda3/envs/multimodal-moe/bin/python
=== Slurm job 4454672 on mel2171 ===
NVIDIA A100-SXM4-40GB
/home/users/u103958/miniconda3/envs/multimodal-moe/lib/python3.10/site-packages/mmengine/optim/optimizer/zero_optimizer.py:11: DeprecationWarning: `TorchScript` support for functional optimizers is deprecated and will be removed in a future PyTorch release. Consider using the `torch.compile` optimizer instead.
  from torch.distributed.optim import \
04/06 14:03:31 - mmengine - WARNING - LiDAR is not a meta file, simply parsed as meta information
04/06 14:03:34 - mmengine - INFO - ------------------------------
04/06 14:03:34 - mmengine - INFO - The length of test dataset: 10000
04/06 14:03:34 - mmengine - INFO - The number of instances per category in the dataset:
+------------+--------+
| category   | number |
+------------+--------+
| pedestrian | 23478  |
+------------+--------+
/home/users/u103958/miniconda3/envs/multimodal-moe/lib/python3.10/site-packages/mmdet/models/task_modules/builder.py:17: UserWarning: ``build_sampler`` would be deprecated soon, please use ``mmdet.registry.TASK_UTILS.build()`` 
  warnings.warn('``build_sampler`` would be deprecated soon, please use '
/home/users/u103958/miniconda3/envs/multimodal-moe/lib/python3.10/site-packages/mmdet/models/task_modules/builder.py:39: UserWarning: ``build_assigner`` would be deprecated soon, please use ``mmdet.registry.TASK_UTILS.build()`` 
  warnings.warn('``build_assigner`` would be deprecated soon, please use '
/home/users/u103958/miniconda3/envs/multimodal-moe/lib/python3.10/site-packages/mmengine/runner/checkpoint.py:347: FutureWarning: You are using `torch.load` with `weights_only=False` (the current default value), which uses the default pickle module implicitly. It is possible to construct malicious pickle data which will execute arbitrary code during unpickling (See https://github.com/pytorch/pytorch/blob/main/SECURITY.md#untrusted-models for more details). In a future release, the default value for `weights_only` will be flipped to `True`. This limits the functions that could be executed during unpickling. Arbitrary objects will no longer be allowed to be loaded via this mode unless they are explicitly allowlisted by the user via `torch.serialization.add_safe_globals`. We recommend you start setting `weights_only=True` for any use case where you don't have full control of the loaded file. Please open an issue on GitHub for any issues related to this experimental feature.
  checkpoint = torch.load(filename, map_location=map_location)
/home/users/u103958/miniconda3/envs/multimodal-moe/lib/python3.10/site-packages/torch/storage.py:414: FutureWarning: You are using `torch.load` with `weights_only=False` (the current default value), which uses the default pickle module implicitly. It is possible to construct malicious pickle data which will execute arbitrary code during unpickling (See https://github.com/pytorch/pytorch/blob/main/SECURITY.md#untrusted-models for more details). In a future release, the default value for `weights_only` will be flipped to `True`. This limits the functions that could be executed during unpickling. Arbitrary objects will no longer be allowed to be loaded via this mode unless they are explicitly allowlisted by the user via `torch.serialization.add_safe_globals`. We recommend you start setting `weights_only=True` for any use case where you don't have full control of the loaded file. Please open an issue on GitHub for any issues related to this experimental feature.
  return torch.load(io.BytesIO(b))
/home/users/u103958/miniconda3/envs/multimodal-moe/lib/python3.10/site-packages/torch/storage.py:414: FutureWarning: You are using `torch.load` with `weights_only=False` (the current default value), which uses the default pickle module implicitly. It is possible to construct malicious pickle data which will execute arbitrary code during unpickling (See https://github.com/pytorch/pytorch/blob/main/SECURITY.md#untrusted-models for more details). In a future release, the default value for `weights_only` will be flipped to `True`. This limits the functions that could be executed during unpickling. Arbitrary objects will no longer be allowed to be loaded via this mode unless they are explicitly allowlisted by the user via `torch.serialization.add_safe_globals`. We recommend you start setting `weights_only=True` for any use case where you don't have full control of the loaded file. Please open an issue on GitHub for any issues related to this experimental feature.
  return torch.load(io.BytesIO(b))
/mnt/tier2/users/u103958/projects/multimodal-MoE/mmdetection3d/projects/BEVFusion/bevfusion/utils.py:120: UserWarning: To copy construct from a tensor, it is recommended to use sourceTensor.clone().detach() or sourceTensor.clone().detach().requires_grad_(True), rather than torch.tensor(sourceTensor).
  self.post_center_range = torch.tensor(
Dataset: 10000 samples (val)
Loading model …
Loads checkpoint by local backend from path: /home/users/u103958/projects/multimodal-MoE/outputs/runs/zod_lidar_only/zod-lidar-only_4452913/best_mAP_0.50_epoch_18.pth
Visualising 8 samples  (score_thr=0.25)
  saved → /home/users/u103958/projects/multimodal-MoE/outputs/runs/zod_lidar_only/zod-lidar-only_4452913/vis3d/vis3d_0.png
  saved → /home/users/u103958/projects/multimodal-MoE/outputs/runs/zod_lidar_only/zod-lidar-only_4452913/vis3d/vis3d_1.png
  saved → /home/users/u103958/projects/multimodal-MoE/outputs/runs/zod_lidar_only/zod-lidar-only_4452913/vis3d/vis3d_2.png
  saved → /home/users/u103958/projects/multimodal-MoE/outputs/runs/zod_lidar_only/zod-lidar-only_4452913/vis3d/vis3d_3.png
  saved → /home/users/u103958/projects/multimodal-MoE/outputs/runs/zod_lidar_only/zod-lidar-only_4452913/vis3d/vis3d_4.png
  saved → /home/users/u103958/projects/multimodal-MoE/outputs/runs/zod_lidar_only/zod-lidar-only_4452913/vis3d/vis3d_5.png
  saved → /home/users/u103958/projects/multimodal-MoE/outputs/runs/zod_lidar_only/zod-lidar-only_4452913/vis3d/vis3d_6.png
  saved → /home/users/u103958/projects/multimodal-MoE/outputs/runs/zod_lidar_only/zod-lidar-only_4452913/vis3d/vis3d_7.png

Done. Saved to /home/users/u103958/projects/multimodal-MoE/outputs/runs/zod_lidar_only/zod-lidar-only_4452913/vis3d
Done. Output in /home/users/u103958/projects/multimodal-MoE/outputs/runs/zod_lidar_only/zod-lidar-only_4452913/vis3d
